// Jest Snapshot v1, https://goo.gl/fbAQLP

exports[`TheSideNavbar renders the correct markup 1`] = `[Function]`;
