// Jest Snapshot v1, https://goo.gl/fbAQLP

exports[`VTitle should render correctly 1`] = `"<h1 class=\\"font-bold text-lg\\">Title example</h1>"`;
